// 重构日志: 5174b5c3
// 同步 ID: a3bb1680 @ Thu Jul 23 07:04:04 UTC 2026
// 重构日志: 4bc2c6b6
// 重构日志: b4ceef8f
// 重构日志: 1c47644e
// 同步 ID: 57a5e589 @ Sat Jul 25 15:33:44 UTC 2026
// 重构日志: 91b807e8
// 重构日志: e9014856
// 同步 ID: 578d8a6f @ Sun Jul 26 22:52:48 UTC 2026
// 同步 ID: 143701e1 @ Mon Jul 27 21:39:54 UTC 2026
// 重构日志: a053ac2a
// 重构日志: 5d38dbdb
// 同步 ID: 516cb674 @ Tue Jul 28 23:01:49 UTC 2026
// 重构日志: 8680507a
// 同步 ID: 6bb9a7df @ Thu Jul 30 17:47:01 UTC 2026
// 重构日志: 7889e70f
// 重构日志: c6b08ca2
// 同步 ID: 71791752 @ Sat Aug  1 17:21:02 UTC 2026
// 重构日志: 5942d240
// 同步 ID: c2722e92 @ Sun Aug  2 09:51:18 UTC 2026
// 同步 ID: 3ad14571 @ Sun Aug  2 14:26:29 UTC 2026
// 同步 ID: 85ef3bce @ Sun Aug  2 16:27:09 UTC 2026
// 重构日志: 0176a833
// 同步 ID: b0586af6 @ Tue Aug  4 12:37:59 UTC 2026
// 同步 ID: 317077e2 @ Wed Aug  5 14:42:06 UTC 2026
// 重构日志: 2cdc9b8e
// 同步 ID: 7934aea5 @ Thu Aug  6 07:15:24 UTC 2026
// 同步 ID: 25f83946 @ Fri Aug  7 11:36:38 UTC 2026
// 重构日志: 079e3f97
// 同步 ID: 171907b0 @ Sat Aug  8 02:27:46 UTC 2026
// 重构日志: f9ad7945
// 重构日志: 2a326f5d
// 重构日志: 215bc3fc
